Component: ARM Compiler 5.06 update 6 (build 750) Tool: armlink [4d35ed]

==============================================================================

Section Cross References

    startup_stm32l152xe.o(STACK) refers (Special) to heapauxi.o(.text) for __use_two_region_memory
    startup_stm32l152xe.o(HEAP) refers (Special) to heapauxi.o(.text) for __use_two_region_memory
    startup_stm32l152xe.o(RESET) refers (Special) to heapauxi.o(.text) for __use_two_region_memory
    startup_stm32l152xe.o(RESET) refers to startup_stm32l152xe.o(STACK) for __initial_sp
    startup_stm32l152xe.o(RESET) refers to startup_stm32l152xe.o(.text) for Reset_Handler
    startup_stm32l152xe.o(.text) refers (Special) to heapauxi.o(.text) for __use_two_region_memory
    startup_stm32l152xe.o(.text) refers to system_stm32l1xx.o(i.SystemInit) for SystemInit
    startup_stm32l152xe.o(.text) refers to main.o(.text) for __main
    startup_stm32l152xe.o(.text) refers to startup_stm32l152xe.o(HEAP) for Heap_Mem
    startup_stm32l152xe.o(.text) refers to startup_stm32l152xe.o(STACK) for Stack_Mem
    system_stm32l1xx.o(i.SystemCoreClockUpdate) refers to system_stm32l1xx.o(.data) for SystemCoreClock


==============================================================================

Removing Unused input sections from the image.

    Removing system_stm32l1xx.o(.rev16_text), (4 bytes).
    Removing system_stm32l1xx.o(.revsh_text), (4 bytes).
    Removing system_stm32l1xx.o(.rrx_text), (6 bytes).
    Removing system_stm32l1xx.o(i.SystemCoreClockUpdate), (216 bytes).
    Removing system_stm32l1xx.o(.data), (29 bytes).

5 unused section(s) (total 259 bytes) removed from the image.

==============================================================================

Image Symbol Table

    Local Symbols

    Symbol Name                              Value     Ov Type        Size  Object(Section)

    ../clib/heapaux.c                        0x00000000   Number         0  heapauxi.o ABSOLUTE
    RTE\Device\STM32L152RE\startup_stm32l152xe.s 0x00000000   Number         0  startup_stm32l152xe.o ABSOLUTE
    RTE\Device\STM32L152RE\system_stm32l1xx.c 0x00000000   Number         0  system_stm32l1xx.o ABSOLUTE
    RTE\\Device\\STM32L152RE\\system_stm32l1xx.c 0x00000000   Number         0  system_stm32l1xx.o ABSOLUTE
    dc.s                                     0x00000000   Number         0  dc.o ABSOLUTE
    main.s                                   0x00000000   Number         0  main.o ABSOLUTE
    RESET                                    0x08000000   Section      292  startup_stm32l152xe.o(RESET)
    .text                                    0x08000124   Section       52  main.o(.text)
    .text                                    0x08000158   Section       64  startup_stm32l152xe.o(.text)
    .text                                    0x08000198   Section        0  heapauxi.o(.text)
    i.SystemInit                             0x080001a0   Section        0  system_stm32l1xx.o(i.SystemInit)
    HEAP                                     0x20000000   Section      512  startup_stm32l152xe.o(HEAP)
    Heap_Mem                                 0x20000000   Data         512  startup_stm32l152xe.o(HEAP)
    STACK                                    0x20000200   Section     1024  startup_stm32l152xe.o(STACK)
    Stack_Mem                                0x20000200   Data        1024  startup_stm32l152xe.o(STACK)
    __initial_sp                             0x20000600   Data           0  startup_stm32l152xe.o(STACK)

    Global Symbols

    Symbol Name                              Value     Ov Type        Size  Object(Section)

    BuildAttributes$$THM_ISAv4$P$D$K$B$S$PE$A:L22UL41UL21$X:L11$S22US41US21$IEEE1$IW$USESV6$~STKCKD$USESV7$~SHL$OSPACE$ROPI$EBA8$STANDARDLIB$REQ8$PRES8$EABIv2 0x00000000   Number         0  anon$$obj.o ABSOLUTE
    __Vectors_Size                           0x00000124   Number         0  startup_stm32l152xe.o ABSOLUTE
    __Vectors                                0x08000000   Data           4  startup_stm32l152xe.o(RESET)
    __Vectors_End                            0x08000124   Data           0  startup_stm32l152xe.o(RESET)
    __main                                   0x08000125   Thumb Code     0  main.o(.text)
    Reset_Handler                            0x08000159   Thumb Code     8  startup_stm32l152xe.o(.text)
    NMI_Handler                              0x08000161   Thumb Code     2  startup_stm32l152xe.o(.text)
    HardFault_Handler                        0x08000163   Thumb Code     2  startup_stm32l152xe.o(.text)
    MemManage_Handler                        0x08000165   Thumb Code     2  startup_stm32l152xe.o(.text)
    BusFault_Handler                         0x08000167   Thumb Code     2  startup_stm32l152xe.o(.text)
    UsageFault_Handler                       0x08000169   Thumb Code     2  startup_stm32l152xe.o(.text)
    SVC_Handler                              0x0800016b   Thumb Code     2  startup_stm32l152xe.o(.text)
    DebugMon_Handler                         0x0800016d   Thumb Code     2  startup_stm32l152xe.o(.text)
    PendSV_Handler                           0x0800016f   Thumb Code     2  startup_stm32l152xe.o(.text)
    SysTick_Handler                          0x08000171   Thumb Code     2  startup_stm32l152xe.o(.text)
    ADC1_IRQHandler                          0x08000173   Thumb Code     0  startup_stm32l152xe.o(.text)
    COMP_ACQ_IRQHandler                      0x08000173   Thumb Code     0  startup_stm32l152xe.o(.text)
    COMP_IRQHandler                          0x08000173   Thumb Code     0  startup_stm32l152xe.o(.text)
    DAC_IRQHandler                           0x08000173   Thumb Code     0  startup_stm32l152xe.o(.text)
    DMA1_Channel1_IRQHandler                 0x08000173   Thumb Code     0  startup_stm32l152xe.o(.text)
    DMA1_Channel2_IRQHandler                 0x08000173   Thumb Code     0  startup_stm32l152xe.o(.text)
    DMA1_Channel3_IRQHandler                 0x08000173   Thumb Code     0  startup_stm32l152xe.o(.text)
    DMA1_Channel4_IRQHandler                 0x08000173   Thumb Code     0  startup_stm32l152xe.o(.text)
    DMA1_Channel5_IRQHandler                 0x08000173   Thumb Code     0  startup_stm32l152xe.o(.text)
    DMA1_Channel6_IRQHandler                 0x08000173   Thumb Code     0  startup_stm32l152xe.o(.text)
    DMA1_Channel7_IRQHandler                 0x08000173   Thumb Code     0  startup_stm32l152xe.o(.text)
    DMA2_Channel1_IRQHandler                 0x08000173   Thumb Code     0  startup_stm32l152xe.o(.text)
    DMA2_Channel2_IRQHandler                 0x08000173   Thumb Code     0  startup_stm32l152xe.o(.text)
    DMA2_Channel3_IRQHandler                 0x08000173   Thumb Code     0  startup_stm32l152xe.o(.text)
    DMA2_Channel4_IRQHandler                 0x08000173   Thumb Code     0  startup_stm32l152xe.o(.text)
    DMA2_Channel5_IRQHandler                 0x08000173   Thumb Code     0  startup_stm32l152xe.o(.text)
    EXTI0_IRQHandler                         0x08000173   Thumb Code     0  startup_stm32l152xe.o(.text)
    EXTI15_10_IRQHandler                     0x08000173   Thumb Code     0  startup_stm32l152xe.o(.text)
    EXTI1_IRQHandler                         0x08000173   Thumb Code     0  startup_stm32l152xe.o(.text)
    EXTI2_IRQHandler                         0x08000173   Thumb Code     0  startup_stm32l152xe.o(.text)
    EXTI3_IRQHandler                         0x08000173   Thumb Code     0  startup_stm32l152xe.o(.text)
    EXTI4_IRQHandler                         0x08000173   Thumb Code     0  startup_stm32l152xe.o(.text)
    EXTI9_5_IRQHandler                       0x08000173   Thumb Code     0  startup_stm32l152xe.o(.text)
    FLASH_IRQHandler                         0x08000173   Thumb Code     0  startup_stm32l152xe.o(.text)
    I2C1_ER_IRQHandler                       0x08000173   Thumb Code     0  startup_stm32l152xe.o(.text)
    I2C1_EV_IRQHandler                       0x08000173   Thumb Code     0  startup_stm32l152xe.o(.text)
    I2C2_ER_IRQHandler                       0x08000173   Thumb Code     0  startup_stm32l152xe.o(.text)
    I2C2_EV_IRQHandler                       0x08000173   Thumb Code     0  startup_stm32l152xe.o(.text)
    LCD_IRQHandler                           0x08000173   Thumb Code     0  startup_stm32l152xe.o(.text)
    PVD_IRQHandler                           0x08000173   Thumb Code     0  startup_stm32l152xe.o(.text)
    RCC_IRQHandler                           0x08000173   Thumb Code     0  startup_stm32l152xe.o(.text)
    RTC_Alarm_IRQHandler                     0x08000173   Thumb Code     0  startup_stm32l152xe.o(.text)
    RTC_WKUP_IRQHandler                      0x08000173   Thumb Code     0  startup_stm32l152xe.o(.text)
    SPI1_IRQHandler                          0x08000173   Thumb Code     0  startup_stm32l152xe.o(.text)
    SPI2_IRQHandler                          0x08000173   Thumb Code     0  startup_stm32l152xe.o(.text)
    SPI3_IRQHandler                          0x08000173   Thumb Code     0  startup_stm32l152xe.o(.text)
    TAMPER_STAMP_IRQHandler                  0x08000173   Thumb Code     0  startup_stm32l152xe.o(.text)
    TIM10_IRQHandler                         0x08000173   Thumb Code     0  startup_stm32l152xe.o(.text)
    TIM11_IRQHandler                         0x08000173   Thumb Code     0  startup_stm32l152xe.o(.text)
    TIM2_IRQHandler                          0x08000173   Thumb Code     0  startup_stm32l152xe.o(.text)
    TIM3_IRQHandler                          0x08000173   Thumb Code     0  startup_stm32l152xe.o(.text)
    TIM4_IRQHandler                          0x08000173   Thumb Code     0  startup_stm32l152xe.o(.text)
    TIM5_IRQHandler                          0x08000173   Thumb Code     0  startup_stm32l152xe.o(.text)
    TIM6_IRQHandler                          0x08000173   Thumb Code     0  startup_stm32l152xe.o(.text)
    TIM7_IRQHandler                          0x08000173   Thumb Code     0  startup_stm32l152xe.o(.text)
    TIM9_IRQHandler                          0x08000173   Thumb Code     0  startup_stm32l152xe.o(.text)
    UART4_IRQHandler                         0x08000173   Thumb Code     0  startup_stm32l152xe.o(.text)
    UART5_IRQHandler                         0x08000173   Thumb Code     0  startup_stm32l152xe.o(.text)
    USART1_IRQHandler                        0x08000173   Thumb Code     0  startup_stm32l152xe.o(.text)
    USART2_IRQHandler                        0x08000173   Thumb Code     0  startup_stm32l152xe.o(.text)
    USART3_IRQHandler                        0x08000173   Thumb Code     0  startup_stm32l152xe.o(.text)
    USB_FS_WKUP_IRQHandler                   0x08000173   Thumb Code     0  startup_stm32l152xe.o(.text)
    USB_HP_IRQHandler                        0x08000173   Thumb Code     0  startup_stm32l152xe.o(.text)
    USB_LP_IRQHandler                        0x08000173   Thumb Code     0  startup_stm32l152xe.o(.text)
    WWDG_IRQHandler                          0x08000173   Thumb Code     0  startup_stm32l152xe.o(.text)
    __user_initial_stackheap                 0x08000175   Thumb Code     0  startup_stm32l152xe.o(.text)
    __use_two_region_memory                  0x08000199   Thumb Code     2  heapauxi.o(.text)
    __rt_heap_escrow$2region                 0x0800019b   Thumb Code     2  heapauxi.o(.text)
    __rt_heap_expand$2region                 0x0800019d   Thumb Code     2  heapauxi.o(.text)
    SystemInit                               0x080001a1   Thumb Code    82  system_stm32l1xx.o(i.SystemInit)



==============================================================================

Memory Map of the image

  Image Entry point : 0x08000159

  Load Region LR_1 (Base: 0x08000000, Size: 0x00000204, Max: 0xffffffff, ABSOLUTE)

    Execution Region ER_RO (Exec base: 0x08000000, Load base: 0x08000000, Size: 0x00000204, Max: 0xffffffff, ABSOLUTE)

    Exec Addr    Load Addr    Size         Type   Attr      Idx    E Section Name        Object

    0x08000000   0x08000000   0x00000124   Data   RO            8    RESET               startup_stm32l152xe.o
    0x08000124   0x08000124   0x00000034   Code   RO            1  * .text               main.o
    0x08000158   0x08000158   0x00000040   Code   RO            9  * .text               startup_stm32l152xe.o
    0x08000198   0x08000198   0x00000006   Code   RO           77    .text               c_w.l(heapauxi.o)
    0x0800019e   0x0800019e   0x00000002   PAD
    0x080001a0   0x080001a0   0x00000064   Code   RO           17    i.SystemInit        system_stm32l1xx.o


    Execution Region ER_RW (Exec base: 0x20000000, Load base: 0x08000204, Size: 0x00000000, Max: 0xffffffff, ABSOLUTE)

    **** No section assigned to this execution region ****


    Execution Region ER_ZI (Exec base: 0x20000000, Load base: 0x08000204, Size: 0x00000600, Max: 0xffffffff, ABSOLUTE)

    Exec Addr    Load Addr    Size         Type   Attr      Idx    E Section Name        Object

    0x20000000        -       0x00000200   Zero   RW            7    HEAP                startup_stm32l152xe.o
    0x20000200        -       0x00000400   Zero   RW            6    STACK               startup_stm32l152xe.o


==============================================================================

Image component sizes


      Code (inc. data)   RO Data    RW Data    ZI Data      Debug   Object Name

        52         14          0          0          0        252   main.o
        64         26        292          0       1536        800   startup_stm32l152xe.o
       100         18          0          0          0       1901   system_stm32l1xx.o

    ----------------------------------------------------------------------
       216         58        292          0       1536       2953   Object Totals
         0          0          0          0          0          0   (incl. Generated)
         0          0          0          0          0          0   (incl. Padding)

    ----------------------------------------------------------------------

      Code (inc. data)   RO Data    RW Data    ZI Data      Debug   Library Member Name

         6          0          0          0          0        152   heapauxi.o

    ----------------------------------------------------------------------
         8          0          0          0          0        152   Library Totals
         2          0          0          0          0          0   (incl. Padding)

    ----------------------------------------------------------------------

      Code (inc. data)   RO Data    RW Data    ZI Data      Debug   Library Name

         6          0          0          0          0        152   c_w.l

    ----------------------------------------------------------------------
         8          0          0          0          0        152   Library Totals

    ----------------------------------------------------------------------

==============================================================================


      Code (inc. data)   RO Data    RW Data    ZI Data      Debug   

       224         58        292          0       1536       3105   Grand Totals
       224         58        292          0       1536       3105   ELF Image Totals
       224         58        292          0          0          0   ROM Totals

==============================================================================

    Total RO  Size (Code + RO Data)                  516 (   0.50kB)
    Total RW  Size (RW Data + ZI Data)              1536 (   1.50kB)
    Total ROM Size (Code + RO Data + RW Data)        516 (   0.50kB)

==============================================================================

